
[1m[46m RUN [49m[22m [36mv4.0.18 [39m[90mC:/Users/LENOVO/Documents/SLTC University/04) Forth SEM/Project Management/MediFind Project[39m

[90mstdout[2m | src/services/api.test.ts[2m > [22m[2mRegistration API[2m > [22m[2mregisterPersonalUser should save city and district to Firestore
[22m[39mDEBUG: rtdbRef is mock-ref

[90mstdout[2m | src/services/api.test.ts[2m > [22m[2mRegistration API[2m > [22m[2mregisterPersonalUser should save city and district to Firestore
[22m[39mMOCKS.SET.MOCK.CALLS: [
  [
    "mock-ref",
    {
      "uid": "test-uid",
      "email": "test@example.com",
      "role": "personal",
      "createdAt": 1771390643615,
      "fullName": "Test User",
      "phone": "1234567890",
      "district": "Colombo",
      "city": "Colombo 03"
    }
  ]
]

 [32mΓ£ô[39m src/services/api.test.ts [2m([22m[2m2 tests[22m[2m)[22m[32m 4[2mms[22m[39m

[2m Test Files [22m [1m[32m1 passed[39m[22m[90m (1)[39m
[2m      Tests [22m [1m[32m2 passed[39m[22m[90m (2)[39m
[2m   Start at [22m 10:27:23
[2m   Duration [22m 310ms[2m (transform 44ms, setup 0ms, import 61ms, tests 4ms, environment 0ms)[22m

